C:\Users\umanskyj\Documents\4ds4\group12\project1_freertos_hello\drivers/fsl_clock.h:725:20:CLOCK_EnableClock	24	static
C:\Users\umanskyj\Documents\4ds4\group12\project1_freertos_hello\drivers/fsl_port.h:374:20:PORT_SetPinMux	24	static
C:\Users\umanskyj\Documents\4ds4\group12\project1_freertos_hello\drivers/fsl_ftm.h:731:20:FTM_StartTimer	24	static
C:\Users\umanskyj\Documents\4ds4\group12\project1_freertos_hello\drivers/fsl_ftm.h:1027:20:FTM_SetSoftwareTrigger	16	static
../source/Motor_Control_Component.c:6:6:setupMotorComponent	24	static
../source/Motor_Control_Component.c:54:6:setupMotorPins	8	static
../source/Motor_Control_Component.c:62:6:setupDCMotor	56	static
../source/Motor_Control_Component.c:82:6:setupServo	56	static
../source/Motor_Control_Component.c:102:6:updatePWM_dutyCycle	32	static
../source/Motor_Control_Component.c:128:6:motorTask	32	static
../source/Motor_Control_Component.c:148:6:positionTask	32	static
